------------------------------------------------------------
TimeQuest Timing Analyzer Summary
------------------------------------------------------------

Type  : Slow 1100mV 85C Model Setup 'FPGA_CLK1_50'
Slack : -1.499
TNS   : -49.544

Type  : Slow 1100mV 85C Model Hold 'FPGA_CLK1_50'
Slack : 0.235
TNS   : 0.000

Type  : Slow 1100mV 85C Model Minimum Pulse Width 'FPGA_CLK1_50'
Slack : -0.394
TNS   : -37.294

Type  : Slow 1100mV 0C Model Setup 'FPGA_CLK1_50'
Slack : -1.463
TNS   : -48.465

Type  : Slow 1100mV 0C Model Hold 'FPGA_CLK1_50'
Slack : 0.217
TNS   : 0.000

Type  : Slow 1100mV 0C Model Minimum Pulse Width 'FPGA_CLK1_50'
Slack : -0.394
TNS   : -32.880

Type  : Fast 1100mV 85C Model Setup 'FPGA_CLK1_50'
Slack : -0.426
TNS   : -8.572

Type  : Fast 1100mV 85C Model Hold 'FPGA_CLK1_50'
Slack : 0.144
TNS   : 0.000

Type  : Fast 1100mV 85C Model Minimum Pulse Width 'FPGA_CLK1_50'
Slack : -0.420
TNS   : -26.770

Type  : Fast 1100mV 0C Model Setup 'FPGA_CLK1_50'
Slack : -0.321
TNS   : -5.622

Type  : Fast 1100mV 0C Model Hold 'FPGA_CLK1_50'
Slack : 0.132
TNS   : 0.000

Type  : Fast 1100mV 0C Model Minimum Pulse Width 'FPGA_CLK1_50'
Slack : -0.457
TNS   : -31.712

------------------------------------------------------------
